{
    "classify_var_regions_concat": {
        "content": [
            [
                [
                    {
                        "id": "test",
                        "single_end": false
                    },
                    "test.tsv:md5,601bd9e9445563f88c0c79bedbd0adaf"
                ]
            ]
        ],
        "meta": {
            "nf-test": "0.9.2",
            "nextflow": "24.10.4"
        },
        "timestamp": "2025-03-24T15:54:21.142336898"
    },
    "cdch_out_success_double": {
        "content": [
            [
                [
                    {
                        "id": "test",
                        "single_end": false
                    },
                    "test.tsv:md5,601bd9e9445563f88c0c79bedbd0adaf"
                ]
            ]
        ],
        "meta": {
            "nf-test": "0.9.2",
            "nextflow": "24.10.4"
        },
        "timestamp": "2025-03-24T15:54:21.106948756"
    },
    "classify_var_regions_single": {
        "content": [
            [
                [
                    {
                        "id": "test",
                        "single_end": false
                    },
                    [
                        "test.16S.V3-V4.txt:md5,26b4cbbafdcfba30abb7ac561be0a40e"
                    ]
                ]
            ]
        ],
        "meta": {
            "nf-test": "0.9.2",
            "nextflow": "24.10.4"
        },
        "timestamp": "2025-03-24T15:54:11.755494749"
    },
    "cdch_out_failed": {
        "content": [
            [
                [
                    {
                        "id": "test",
                        "single_end": false
                    },
                    "test.tsv:md5,f0abe32d6c212b764bc9b04ba3f69dab"
                ]
            ]
        ],
        "meta": {
            "nf-test": "0.9.2",
            "nextflow": "24.10.4"
        },
        "timestamp": "2025-03-24T15:54:02.025864489"
    },
    "cdch_out_success_single": {
        "content": [
            [
                [
                    {
                        "id": "test",
                        "single_end": false
                    },
                    "test.tsv:md5,aba8ff1cc6df1ce076633dd844b95d28"
                ]
            ]
        ],
        "meta": {
            "nf-test": "0.9.2",
            "nextflow": "24.10.4"
        },
        "timestamp": "2025-03-24T15:54:11.784802851"
    },
    "classify_var_regions_double": {
        "content": [
            [
                [
                    {
                        "id": "test",
                        "single_end": false
                    },
                    [
                        "test.16S.V3-V4.txt:md5,26b4cbbafdcfba30abb7ac561be0a40e",
                        "test.18S.V9.txt:md5,eaf0569f6d4841da453b733f820bff6b"
                    ]
                ]
            ]
        ],
        "meta": {
            "nf-test": "0.9.2",
            "nextflow": "24.10.4"
        },
        "timestamp": "2025-03-24T15:54:21.06575426"
    }
}