{
    "concat_ssu_lsu_coords": {
        "content": [
            [
                [
                    {
                        "id": "test",
                        "single_end": false
                    },
                    "test_concat_SSU_LSU_coords:md5,401222d263116bb145c1a67e6acc4709"
                ]
            ]
        ],
        "timestamp": "2023-11-02T13:55:30.261913771"
    },
    "lsu_fasta": {
        "content": [
            [
                
            ]
        ],
        "timestamp": "2023-11-02T13:55:30.248331773"
    },
    "ssu_fasta": {
        "content": [
            [
                [
                    {
                        "id": "test",
                        "single_end": false
                    },
                    "test_SSU.fasta:md5,fb23f13526672a300845b767dbc5fd44"
                ]
            ]
        ],
        "timestamp": "2023-11-02T13:55:30.213241815"
    }
}