{
    "easel_coords": {
        "content": [
            [
                [
                    {
                        "id": "test",
                        "single_end": false
                    },
                    "test.easel_extracted.fasta:md5,fb23f13526672a300845b767dbc5fd44"
                ]
            ]
        ],
        "timestamp": "2023-11-02T13:03:08.601689336"
    },
    "matched_seqs_with_coords": {
        "content": [
            [
                [
                    {
                        "id": "test",
                        "single_end": false
                    },
                    "test.matched_seqs_with_coords:md5,401222d263116bb145c1a67e6acc4709"
                ]
            ]
        ],
        "timestamp": "2023-11-02T13:03:08.640389187"
    }
}