{
    "final_concat_primers_out": {
        "content": [
            [
                [
                    {
                        "id": "test",
                        "single_end": false
                    },
                    "16S-V3-V4",
                    "test_final_concat_primers.fasta:md5,f26cdc22a5231d2dbd0831f1f1983dc6"
                ]
            ]
        ],
        "timestamp": "2023-11-06T14:19:37.304366443"
    }
}